00000000 00500293 x5=00000005
00000004 00500313 x6=00000005
00000008 00628663
00000014 00100513 x10=00000001
00000018 008005ef x11=0000001c
00000020 00100613 x12=00000001
00000024 000006b7 x13=00000000
00000028 03868693 x13=00000038
0000002c 00068767 x14=00000030
00000038 00100793 x15=00000001
0000003c 00100813 x16=00000001
00000040 00200893 x17=00000002
00000044 01180663
00000048 00100913 x18=00000001
0000004c 0080006f
00000054 00700993 x19=00000007
00000058 00700a13 x20=00000007
0000005c 01498463
00000064 00100a93 x21=00000001
00000068 00100073
