00000000 06400293 x5=00000064
00000004 ff900313 x6=fffffff9
00000008 00000013
0000000c 00000013
00000010 00000013
00000014 00628533 x10=0000005d
00000018 406285b3 x11=0000006b
0000001c 00629633 x12=c8000000
00000020 005326b3 x13=00000001
00000024 00533733 x14=00000000
00000028 0062c7b3 x15=ffffff9d
0000002c 0062d833 x16=00000000
00000030 405358b3 x17=ffffffff
00000034 0062e933 x18=fffffffd
00000038 0062f9b3 x19=00000060
0000003c fff28a13 x20=00000063
00000040 00032a93 x21=00000001
00000044 00033b13 x22=00000000
00000048 fff2cb93 x23=ffffff9b
0000004c 00f2ec13 x24=0000006f
00000050 00f2fc93 x25=00000004
00000054 00329d13 x26=00000320
00000058 0022dd93 x27=00000019
0000005c 40135e13 x28=fffffffc
00000060 abcdeeb7 x29=abcde000
00000064 00000f17 x30=00000064
00000068 00001f97 x31=00001068
0000006c 02100393 x7=00000021
00000070 00000013
00000074 00000013
00000078 00000013
0000007c 007294b3 x9=000000c8
00000080 0072d433 x8=00000032
00000084 00100073
