00000000 00500293 x5=00000005
00000004 00600313 x6=00000006
00000008 00000013
0000000c 00000013
00000010 00000013
00000014 00528863
00000024 00629863
00000034 0062c863
00000044 00535863
00000054 0062e863
00000064 00537863
00000074 0100056f x10=00000078
00000084 00100593 x11=00000001
00000088 00000637 x12=00000000
0000008c 00000013
00000090 00000013
00000094 00000013
00000098 0b860613 x12=000000b8
0000009c 00000013
000000a0 00000013
000000a4 00000013
000000a8 000606e7 x13=000000ac
000000b8 00100713 x14=00000001
000000bc 00300793 x15=00000003
000000c0 00000813 x16=00000000
000000c4 00000013
000000c8 00000013
000000cc 00000013
000000d0 00a80813 x16=0000000a
000000d4 fff78793 x15=00000002
000000d8 00000013
000000dc 00000013
000000e0 00000013
000000e4 fe0796e3
000000d0 00a80813 x16=00000014
000000d4 fff78793 x15=00000001
000000d8 00000013
000000dc 00000013
000000e0 00000013
000000e4 fe0796e3
000000d0 00a80813 x16=0000001e
000000d4 fff78793 x15=00000000
000000d8 00000013
000000dc 00000013
000000e0 00000013
000000e4 fe0796e3
000000e8 00000013
000000ec 00000013
000000f0 00100893 x17=00000001
000000f4 00100073
