00000000 00500293 x5=00000005
00000004 00600313 x6=00000006
00000008 fff00393 x7=ffffffff
0000000c 00000013
00000010 00000013
00000014 00000013
00000018 06628463
0000001c 00000013
00000020 00000013
00000024 04529e63
00000028 00000013
0000002c 00000013
00000030 04534863
00000034 00000013
00000038 00000013
0000003c 0462d263
00000040 00000013
00000044 00000013
00000048 02536c63
0000004c 00000013
00000050 00000013
00000054 0262f663
00000058 00000013
0000005c 00000013
00000060 0253e063
00000064 00000013
00000068 00000013
0000006c 0003da63
00000070 00000013
00000074 00000013
00000078 00100513 x10=00000001
0000007c 00100073
