00000000 12300293 x5=00000123
00000004 00000013
00000008 00000013
0000000c 00000013
00000010 34229373 x6=00000000
00000014 00000013
00000018 00000013
0000001c 00000013
00000020 342023f3 x7=00000123
00000024 40000413 x8=00000400
00000028 00000013
0000002c 00000013
00000030 00000013
00000034 342424f3 x9=00000123
00000038 00000013
0000003c 00000013
00000040 00000013
00000044 34243573 x10=00000523
00000048 00000013
0000004c 00000013
00000050 00000013
00000054 3423d5f3 x11=00000123
00000058 00000013
0000005c 00000013
00000060 00000013
00000064 34246673 x12=00000007
00000068 00000013
0000006c 00000013
00000070 00000013
00000074 3420f6f3 x13=0000000f
00000078 00000013
0000007c 00000013
00000080 00000013
00000084 00800713 x14=00000008
00000088 00000013
0000008c 00000013
00000090 00000013
00000094 300727f3 x15=00000000
00000098 00000013
0000009c 00000013
000000a0 00000013
000000a4 30002873 x16=00000008
000000a8 78000893 x17=00000780
000000ac 00000013
000000b0 00000013
000000b4 00000013
000000b8 3008a973 x18=00000008
000000bc 00000013
000000c0 00000013
000000c4 00000013
000000c8 300029f3 x19=00000088
000000cc 00100a13 x20=00000001
000000d0 00000013
000000d4 00000013
000000d8 00000013
000000dc 00ba1a13 x20=00000800
000000e0 00000013
000000e4 00000013
000000e8 00000013
000000ec 304a2af3 x21=00000000
000000f0 00000013
000000f4 00000013
000000f8 00000013
000000fc 30402b73 x22=00000800
00000100 10300b93 x23=00000103
00000104 00000013
00000108 00000013
0000010c 00000013
00000110 305b9c73 x24=00000000
00000114 00000013
00000118 00000013
0000011c 00000013
00000120 30502cf3 x25=00000100
00000124 341b9d73 x26=00000000
00000128 00000013
0000012c 00000013
00000130 00000013
00000134 34102df3 x27=00000100
00000138 7c0b9e73 x28=00000000
0000013c 00000013
00000140 00000013
00000144 00000013
00000148 7c002ef3 x29=00000000
0000014c 3422df73 x30=0000000e
00000150 34216ff3 x31=00000005
00000154 342021f3 x3=00000007
00000158 00100073
