00000000 08000293 x5=00000080
00000004 00000013
00000008 00000013
0000000c 00000013
00000010 0002a503 x10=11223344
00000014 0042a583 x11=deadbeef
00000018 0082a603 x12=00000001
0000001c 00c2a683 x13=ffffffff
00000020 01029703 x14=00001234
00000024 01229783 x15=ffff8765
00000028 0122d803 x16=00008765
0000002c 01428883 x17=0000007f
00000030 01528903 x18=ffffff80
00000034 0152c983 x19=00000080
00000038 01728a03 x20=fffffffe
0000003c 00000013
00000040 00000013
00000044 00000013
00000048 00c50ab3 x21=11223345
0000004c 00000013
00000050 00000013
00000054 00000013
00000058 0352a023 mem[000000a0]=11223345
0000005c 00000013
00000060 00000013
00000064 00000013
00000068 0202ab03 x22=11223345
0000006c 00100073
