00000000 000002b7 x5=00000000
00000004 00000013
00000008 00000013
0000000c 00000013
00000010 07428293 x5=00000074
00000014 00000013
00000018 00000013
0000001c 00000013
00000020 30529073
00000024 00800e13 x28=00000008
00000028 00000013
0000002c 00000013
00000030 00000013
00000034 300e2073
00000038 01100513 x10=00000011
0000003c 00000013
00000040 00000013
00000044 00000013
00000074 34202373 x6=0000000b
00000078 00000013
0000007c 00000013
00000080 00000013
00000084 341023f3 x7=00000048
00000088 00000013
0000008c 00000013
00000090 00000013
00000094 30002473 x8=00000080
00000098 00438493 x9=0000004c
0000009c 00000013
000000a0 00000013
000000a4 00000013
000000a8 34149073
000000ac 00000013
000000b0 00000013
000000b4 00000013
000000b8 30200073
0000004c 00000013
00000050 00000013
00000054 00100a13 x20=00000001
00000058 00000013
0000005c 00000013
00000060 00000013
00000064 06000263
000000c8 300025f3 x11=00000088
000000cc 00100a93 x21=00000001
000000d0 00100073
