00000000 00001137 x2=00001000
00000004 00010113 x2=00001000
00000008 00000297 x5=00000008
0000000c 00000337 x6=00000000
00000010 0ec30313 x6=000000ec
00000014 30531073
00000018 305023f3 x7=000000ec
0000001c 34203e73 x28=00000000
00000020 34245073
00000024 3420e073
00000028 3420f073
0000002c 06400513 x10=00000064
00000030 ff900593 x11=fffffff9
00000034 00b50633 x12=0000005d
00000038 40b506b3 x13=0000006b
0000003c 00b51733 x14=c8000000
00000040 00b557b3 x15=00000000
00000044 40a5d833 x16=ffffffff
00000048 00a5a8b3 x17=00000001
0000004c 00a5b933 x18=00000000
00000050 00b549b3 x19=ffffff9d
00000054 00b56a33 x20=fffffffd
00000058 00b57ab3 x21=00000060
0000005c 0005ab13 x22=00000001
00000060 0005bb93 x23=00000000
00000064 fff54c13 x24=ffffff9b
00000068 00f56c93 x25=0000006f
0000006c 00f57d13 x26=00000004
00000070 00351d93 x27=00000320
00000074 00255e93 x29=00000019
00000078 4015df13 x30=fffffffc
0000007c 04000f93 x31=00000040
00000080 00afa023 mem[00000040]=00000064
00000084 00bf9223 mem[00000044]=0000fff9
00000088 00bf8423 mem[00000048]=000000f9
0000008c 000fa283 x5=00000064
00000090 004f9303 x6=fffffff9
00000094 004fd383 x7=0000fff9
00000098 008f8e03 x28=fffffff9
0000009c 008fc503 x10=000000f9
000000a0 00500593 x11=00000005
000000a4 00600613 x12=00000006
000000a8 00b58463
000000b0 00c59463
000000b8 00c5c463
000000c0 00b65463
000000c8 00c5e463
000000d0 00b67463
000000d8 00c000ef x1=000000dc
000000e4 00100693 x13=00000001
000000e8 00008067
000000ec 341022f3 x5=000000dc
000000f0 00428293 x5=000000e0
000000f4 34129073
000000f8 30200073
000000e0 00100073
