00000000 00a00293 x5=0000000a
00000004 02000313 x6=00000020
00000008 00000013
0000000c 00000013
00000010 00000013
00000014 00628533 x10=0000002a
00000018 ffb00393 x7=fffffffb
0000001c 00000013
00000020 00000013
00000024 00000013
00000028 007285b3 x11=00000005
0000002c 80000437 x8=80000000
00000030 fff40413 x8=7fffffff
00000034 00100493 x9=00000001
00000038 00000013
0000003c 00000013
00000040 00000013
00000044 00940633 x12=80000000
00000048 00000013
0000004c 00000013
00000050 00000013
00000054 006006b3 x13=00000020
00000058 00030733 x14=00000020
0000005c 00100073
