00000000 00500293 x5=00000005
00000004 00500313 x6=00000005
00000008 00100393 x7=00000001
0000000c 00000013
00000010 00000013
00000014 00000013
00000018 0062da63
0000002c 00100513 x10=00000001
00000030 00000013
00000034 00000013
00000038 00000013
0000003c 0053dc63
00000040 00000013
00000044 00000013
00000048 00000013
0000004c 00100593 x11=00000001
00000050 0080006f
00000058 00100413 x8=00000001
0000005c 800004b7 x9=80000000
00000060 00048493 x9=80000000
00000064 00000013
00000068 00000013
0000006c 00000013
00000070 00945a63
00000084 00100613 x12=00000001
00000088 00300a13 x20=00000003
0000008c 00100a93 x21=00000001
00000090 fffa0a13 x20=00000002
00000094 00000013
00000098 00000013
0000009c 00000013
000000a0 ff5a58e3
00000090 fffa0a13 x20=00000001
00000094 00000013
00000098 00000013
0000009c 00000013
000000a0 ff5a58e3
00000090 fffa0a13 x20=00000000
00000094 00000013
00000098 00000013
0000009c 00000013
000000a0 ff5a58e3
000000a4 00000013
000000a8 00000013
000000ac 00000013
000000b0 00100b93 x23=00000001
000000b4 00100073
