00000000 00100293 x5=00000001
00000004 00500313 x6=00000005
00000008 00500393 x7=00000005
0000000c 00000013
00000010 00000013
00000014 00000013
00000018 0062ea63
0000002c 00100513 x10=00000001
00000030 00000013
00000034 00000013
00000038 00000013
0000003c 00736c63
00000040 00000013
00000044 00000013
00000048 00000013
0000004c 00100593 x11=00000001
00000050 0080006f
00000058 80000437 x8=80000000
0000005c 00040413 x8=80000000
00000060 00100493 x9=00000001
00000064 00000013
00000068 00000013
0000006c 00000013
00000070 00946c63
00000074 00000013
00000078 00000013
0000007c 00000013
00000080 00100613 x12=00000001
00000084 0080006f
0000008c 00000013
00000090 00000013
00000094 00000013
00000098 0084ea63
000000ac 00100693 x13=00000001
000000b0 00000a13 x20=00000000
000000b4 00300a93 x21=00000003
000000b8 001a0a13 x20=00000001
000000bc 00000013
000000c0 00000013
000000c4 00000013
000000c8 ff5a68e3
000000b8 001a0a13 x20=00000002
000000bc 00000013
000000c0 00000013
000000c4 00000013
000000c8 ff5a68e3
000000b8 001a0a13 x20=00000003
000000bc 00000013
000000c0 00000013
000000c4 00000013
000000c8 ff5a68e3
000000cc 00000013
000000d0 00000013
000000d4 00000013
000000d8 00100b93 x23=00000001
000000dc 00100073
