00000000 00500293 x5=00000005
00000004 00600313 x6=00000006
00000008 00500393 x7=00000005
0000000c 00000013
00000010 00000013
00000014 00000013
00000018 00629a63
0000002c 00100513 x10=00000001
00000030 00000013
00000034 00000013
00000038 00000013
0000003c 00729c63
00000040 00000013
00000044 00000013
00000048 00000013
0000004c 00100593 x11=00000001
00000050 0080006f
00000058 00300a13 x20=00000003
0000005c 00000b13 x22=00000000
00000060 001b0b13 x22=00000001
00000064 fffa0a13 x20=00000002
00000068 00000013
0000006c 00000013
00000070 00000013
00000074 fe0a16e3
00000060 001b0b13 x22=00000002
00000064 fffa0a13 x20=00000001
00000068 00000013
0000006c 00000013
00000070 00000013
00000074 fe0a16e3
00000060 001b0b13 x22=00000003
00000064 fffa0a13 x20=00000000
00000068 00000013
0000006c 00000013
00000070 00000013
00000074 fe0a16e3
00000078 00000013
0000007c 00000013
00000080 00000013
00000084 00100b93 x23=00000001
00000088 00100073
