00000000 000012b7 x5=00001000
00000004 00028293 x5=00001000
00000008 30529373 x6=00000000
0000000c 00000013
00000010 00000013
00000014 00000013
00000018 305023f3 x7=00001000
0000001c 00002437 x8=00002000
00000020 00340413 x8=00002003
00000024 341414f3 x9=00000000
00000028 00000013
0000002c 00000013
00000030 00000013
00000034 34102573 x10=00002000
00000038 fff00693 x13=ffffffff
0000003c 30069073
00000040 00000013
00000044 00000013
00000048 00000013
0000004c 30002773 x14=00000088
00000050 fff00793 x15=ffffffff
00000054 30479073
00000058 00000013
0000005c 00000013
00000060 00000013
00000064 30402873 x16=00000800
00000068 00100073
