00000000 000002b7 x5=00000000
00000004 03428293 x5=00000034
00000008 00000013
0000000c 00000013
00000010 00000013
00000014 30529073
00000018 01100513 x10=00000011
00000034 34202373 x6=0000000b
00000038 00000013
0000003c 00000013
00000040 00000013
00000044 341023f3 x7=0000001c
00000048 00438393 x7=00000020
0000004c 00000013
00000050 00000013
00000054 00000013
00000058 34139073
0000005c 00000013
00000060 00000013
00000064 00000013
00000068 30200073
00000020 00000013
00000024 00000013
00000028 00000013
0000002c 00100a13 x20=00000001
00000030 03c0006f
0000006c 00100a93 x21=00000001
00000070 00100073
