00000000 0140056f x10=00000004
00000014 00100613 x12=00000001
00000018 00000693 x13=00000000
0000001c 00200813 x16=00000002
00000020 00168693 x13=00000001
00000024 fff80813 x16=00000001
00000028 00000013
0000002c 00000013
00000030 00000013
00000034 00081a63
00000048 fd9ff06f
00000020 00168693 x13=00000002
00000024 fff80813 x16=00000000
00000028 00000013
0000002c 00000013
00000030 00000013
00000034 00081a63
00000038 00000013
0000003c 00000013
00000040 00000013
00000044 0080006f
0000004c 00100793 x15=00000001
00000050 00100073
