00000000 04000293 x5=00000040
00000004 11223337 x6=11223000
00000008 34430313 x6=11223344
0000000c 00000013
00000010 00000013
00000014 00000013
00000018 0062a023 mem[00000040]=11223344
0000001c 0aa00393 x7=000000aa
00000020 00000013
00000024 00000013
00000028 00000013
0000002c 00728023 mem[00000040]=000000aa
00000030 007281a3 mem[00000043]=000000aa
00000034 00000013
00000038 00000013
0000003c 00000013
00000040 0002a503 x10=aa2233aa
00000044 0002c583 x11=000000aa
00000048 0032c603 x12=000000aa
0000004c 0012c683 x13=00000033
00000050 0022c703 x14=00000022
00000054 00100073
