00000000 04000293 x5=00000040
00000004 11223337 x6=11223000
00000008 34430313 x6=11223344
0000000c 00000013
00000010 00000013
00000014 00000013
00000018 0062a023 mem[00000040]=11223344
0000001c 0000c3b7 x7=0000c000
00000020 eef38393 x7=0000beef
00000024 00000013
00000028 00000013
0000002c 00000013
00000030 00729023 mem[00000040]=0000beef
00000034 00729123 mem[00000042]=0000beef
00000038 00000013
0000003c 00000013
00000040 00000013
00000044 0002a503 x10=beefbeef
00000048 0002d583 x11=0000beef
0000004c 0022d603 x12=0000beef
00000050 00100073
