00000000 00100293 x5=00000001
00000004 00400313 x6=00000004
00000008 00000013
0000000c 00000013
00000010 00000013
00000014 00629533 x10=00000010
00000018 fe000393 x7=ffffffe0
0000001c 00000013
00000020 00000013
00000024 00000013
00000028 007295b3 x11=00000001
0000002c fff00413 x8=ffffffff
00000030 00000013
00000034 00000013
00000038 00000013
0000003c 00829633 x12=80000000
00000040 01f00493 x9=0000001f
00000044 00000013
00000048 00000013
0000004c 00000013
00000050 009016b3 x13=00000000
00000054 00100073
