00000000 fff00293 x5=ffffffff
00000004 00100313 x6=00000001
00000008 00000013
0000000c 00000013
00000010 00000013
00000014 0062a533 x10=00000001
00000018 00000013
0000001c 00000013
00000020 00000013
00000024 005325b3 x11=00000000
00000028 00500393 x7=00000005
0000002c 00500413 x8=00000005
00000030 00000013
00000034 00000013
00000038 00000013
0000003c 0083a633 x12=00000000
00000040 00000013
00000044 00000013
00000048 00000013
0000004c 006026b3 x13=00000001
00000050 00032733 x14=00000000
00000054 00100073
