00000000 800002b7 x5=80000000
00000004 00028293 x5=80000000
00000008 00400313 x6=00000004
0000000c 00000013
00000010 00000013
00000014 00000013
00000018 0062d533 x10=08000000
0000001c fe100393 x7=ffffffe1
00000020 00000013
00000024 00000013
00000028 00000013
0000002c 0072d5b3 x11=40000000
00000030 01f00413 x8=0000001f
00000034 00000013
00000038 00000013
0000003c 00000013
00000040 0082d633 x12=00000001
00000044 00000013
00000048 00000013
0000004c 00000013
00000050 006056b3 x13=00000000
00000054 00100073
