00000000 03200293 x5=00000032
00000004 00800313 x6=00000008
00000008 00000013
0000000c 00000013
00000010 00000013
00000014 40628533 x10=0000002a
00000018 00300393 x7=00000003
0000001c 00000013
00000020 00000013
00000024 00000013
00000028 407305b3 x11=00000005
0000002c 00300413 x8=00000003
00000030 00a00493 x9=0000000a
00000034 00000013
00000038 00000013
0000003c 00000013
00000040 40940633 x12=fffffff9
00000044 800006b7 x13=80000000
00000048 00068693 x13=80000000
0000004c 00100713 x14=00000001
00000050 00000013
00000054 00000013
00000058 00000013
0000005c 40e687b3 x15=7fffffff
00000060 00000013
00000064 00000013
00000068 00000013
0000006c 40030833 x16=00000008
00000070 406008b3 x17=fffffff8
00000074 00100073
