00000000 04000293 x5=00000040
00000004 12345337 x6=12345000
00000008 67830313 x6=12345678
0000000c 00000013
00000010 00000013
00000014 00000013
00000018 0062a023 mem[00000040]=12345678
0000001c fff00393 x7=ffffffff
00000020 00000013
00000024 00000013
00000028 00000013
0000002c 0072a223 mem[00000044]=ffffffff
00000030 fe62ae23 mem[0000003c]=12345678
00000034 00000013
00000038 00000013
0000003c 00000013
00000040 0002a503 x10=12345678
00000044 0042a583 x11=ffffffff
00000048 ffc2a603 x12=12345678
0000004c 00100073
