00000000 00001137 x2=00001000
00000004 00010113 x2=00001000
00000008 000002b7 x5=00000000
0000000c 00028293 x5=00000000
00000010 01000313 x6=00000010
00000014 fff30393 x7=0000000f
00000018 00000413 x8=00000000
0000001c 04745063
00000020 00000493 x9=00000000
00000024 40838533 x10=0000000f
00000028 02a4d663
0000002c 00249593 x11=00000000
00000030 00b28633 x12=00000000
00000034 00062683 x13=0000002a
00000038 00462703 x14=ffffffef
0000003c 00d74463
00000044 00e62023 mem[00000000]=ffffffef
00000048 00d62223 mem[00000004]=0000002a
0000004c 00148493 x9=00000001
00000050 fd9ff06f
00000028 02a4d663
0000002c 00249593 x11=00000004
00000030 00b28633 x12=00000004
00000034 00062683 x13=0000002a
00000038 00462703 x14=00000008
0000003c 00d74463
00000044 00e62023 mem[00000004]=00000008
00000048 00d62223 mem[00000008]=0000002a
0000004c 00148493 x9=00000002
00000050 fd9ff06f
00000028 02a4d663
0000002c 00249593 x11=00000008
00000030 00b28633 x12=00000008
00000034 00062683 x13=0000002a
00000038 00462703 x14=000003e8
0000003c 00d74463
00000040 00c0006f
0000004c 00148493 x9=00000003
00000050 fd9ff06f
00000028 02a4d663
0000002c 00249593 x11=0000000c
00000030 00b28633 x12=0000000c
00000034 00062683 x13=000003e8
00000038 00462703 x14=fffffffd
0000003c 00d74463
00000044 00e62023 mem[0000000c]=fffffffd
00000048 00d62223 mem[00000010]=000003e8
0000004c 00148493 x9=00000004
00000050 fd9ff06f
00000028 02a4d663
0000002c 00249593 x11=00000010
00000030 00b28633 x12=00000010
00000034 00062683 x13=000003e8
00000038 00462703 x14=00000000
0000003c 00d74463
00000044 00e62023 mem[00000010]=00000000
00000048 00d62223 mem[00000014]=000003e8
0000004c 00148493 x9=00000005
00000050 fd9ff06f
00000028 02a4d663
0000002c 00249593 x11=00000014
00000030 00b28633 x12=00000014
00000034 00062683 x13=000003e8
00000038 00462703 x14=00000063
0000003c 00d74463
00000044 00e62023 mem[00000014]=00000063
00000048 00d62223 mem[00000018]=000003e8
0000004c 00148493 x9=00000006
00000050 fd9ff06f
00000028 02a4d663
0000002c 00249593 x11=00000018
00000030 00b28633 x12=00000018
00000034 00062683 x13=000003e8
00000038 00462703 x14=ffffff00
0000003c 00d74463
00000044 00e62023 mem[00000018]=ffffff00
00000048 00d62223 mem[0000001c]=000003e8
0000004c 00148493 x9=00000007
00000050 fd9ff06f
00000028 02a4d663
0000002c 00249593 x11=0000001c
00000030 00b28633 x12=0000001c
00000034 00062683 x13=000003e8
00000038 00462703 x14=00000011
0000003c 00d74463
00000044 00e62023 mem[0000001c]=00000011
00000048 00d62223 mem[00000020]=000003e8
0000004c 00148493 x9=00000008
00000050 fd9ff06f
00000028 02a4d663
0000002c 00249593 x11=00000020
00000030 00b28633 x12=00000020
00000034 00062683 x13=000003e8
00000038 00462703 x14=00000005
0000003c 00d74463
00000044 00e62023 mem[00000020]=00000005
00000048 00d62223 mem[00000024]=000003e8
0000004c 00148493 x9=00000009
00000050 fd9ff06f
00000028 02a4d663
0000002c 00249593 x11=00000024
00000030 00b28633 x12=00000024
00000034 00062683 x13=000003e8
00000038 00462703 x14=ffffffff
0000003c 00d74463
00000044 00e62023 mem[00000024]=ffffffff
00000048 00d62223 mem[00000028]=000003e8
0000004c 00148493 x9=0000000a
00000050 fd9ff06f
00000028 02a4d663
0000002c 00249593 x11=00000028
00000030 00b28633 x12=00000028
00000034 00062683 x13=000003e8
00000038 00462703 x14=0000007b
0000003c 00d74463
00000044 00e62023 mem[00000028]=0000007b
00000048 00d62223 mem[0000002c]=000003e8
0000004c 00148493 x9=0000000b
00000050 fd9ff06f
00000028 02a4d663
0000002c 00249593 x11=0000002c
00000030 00b28633 x12=0000002c
00000034 00062683 x13=000003e8
00000038 00462703 x14=00000040
0000003c 00d74463
00000044 00e62023 mem[0000002c]=00000040
00000048 00d62223 mem[00000030]=000003e8
0000004c 00148493 x9=0000000c
00000050 fd9ff06f
00000028 02a4d663
0000002c 00249593 x11=00000030
00000030 00b28633 x12=00000030
00000034 00062683 x13=000003e8
00000038 00462703 x14=ffffffc0
0000003c 00d74463
00000044 00e62023 mem[00000030]=ffffffc0
00000048 00d62223 mem[00000034]=000003e8
0000004c 00148493 x9=0000000d
00000050 fd9ff06f
00000028 02a4d663
0000002c 00249593 x11=00000034
00000030 00b28633 x12=00000034
00000034 00062683 x13=000003e8
00000038 00462703 x14=00000007
0000003c 00d74463
00000044 00e62023 mem[00000034]=00000007
00000048 00d62223 mem[00000038]=000003e8
0000004c 00148493 x9=0000000e
00000050 fd9ff06f
00000028 02a4d663
0000002c 00249593 x11=00000038
00000030 00b28633 x12=00000038
00000034 00062683 x13=000003e8
00000038 00462703 x14=ffffd8f1
0000003c 00d74463
00000044 00e62023 mem[00000038]=ffffd8f1
00000048 00d62223 mem[0000003c]=000003e8
0000004c 00148493 x9=0000000f
00000050 fd9ff06f
00000028 02a4d663
00000054 00140413 x8=00000001
00000058 fc5ff06f
0000001c 04745063
00000020 00000493 x9=00000000
00000024 40838533 x10=0000000e
00000028 02a4d663
0000002c 00249593 x11=00000000
00000030 00b28633 x12=00000000
00000034 00062683 x13=ffffffef
00000038 00462703 x14=00000008
0000003c 00d74463
00000040 00c0006f
0000004c 00148493 x9=00000001
00000050 fd9ff06f
00000028 02a4d663
0000002c 00249593 x11=00000004
00000030 00b28633 x12=00000004
00000034 00062683 x13=00000008
00000038 00462703 x14=0000002a
0000003c 00d74463
00000040 00c0006f
0000004c 00148493 x9=00000002
00000050 fd9ff06f
00000028 02a4d663
0000002c 00249593 x11=00000008
00000030 00b28633 x12=00000008
00000034 00062683 x13=0000002a
00000038 00462703 x14=fffffffd
0000003c 00d74463
00000044 00e62023 mem[00000008]=fffffffd
00000048 00d62223 mem[0000000c]=0000002a
0000004c 00148493 x9=00000003
00000050 fd9ff06f
00000028 02a4d663
0000002c 00249593 x11=0000000c
00000030 00b28633 x12=0000000c
00000034 00062683 x13=0000002a
00000038 00462703 x14=00000000
0000003c 00d74463
00000044 00e62023 mem[0000000c]=00000000
00000048 00d62223 mem[00000010]=0000002a
0000004c 00148493 x9=00000004
00000050 fd9ff06f
00000028 02a4d663
0000002c 00249593 x11=00000010
00000030 00b28633 x12=00000010
00000034 00062683 x13=0000002a
00000038 00462703 x14=00000063
0000003c 00d74463
00000040 00c0006f
0000004c 00148493 x9=00000005
00000050 fd9ff06f
00000028 02a4d663
0000002c 00249593 x11=00000014
00000030 00b28633 x12=00000014
00000034 00062683 x13=00000063
00000038 00462703 x14=ffffff00
0000003c 00d74463
00000044 00e62023 mem[00000014]=ffffff00
00000048 00d62223 mem[00000018]=00000063
0000004c 00148493 x9=00000006
00000050 fd9ff06f
00000028 02a4d663
0000002c 00249593 x11=00000018
00000030 00b28633 x12=00000018
00000034 00062683 x13=00000063
00000038 00462703 x14=00000011
0000003c 00d74463
00000044 00e62023 mem[00000018]=00000011
00000048 00d62223 mem[0000001c]=00000063
0000004c 00148493 x9=00000007
00000050 fd9ff06f
00000028 02a4d663
0000002c 00249593 x11=0000001c
00000030 00b28633 x12=0000001c
00000034 00062683 x13=00000063
00000038 00462703 x14=00000005
0000003c 00d74463
00000044 00e62023 mem[0000001c]=00000005
00000048 00d62223 mem[00000020]=00000063
0000004c 00148493 x9=00000008
00000050 fd9ff06f
00000028 02a4d663
0000002c 00249593 x11=00000020
00000030 00b28633 x12=00000020
00000034 00062683 x13=00000063
00000038 00462703 x14=ffffffff
0000003c 00d74463
00000044 00e62023 mem[00000020]=ffffffff
00000048 00d62223 mem[00000024]=00000063
0000004c 00148493 x9=00000009
00000050 fd9ff06f
00000028 02a4d663
0000002c 00249593 x11=00000024
00000030 00b28633 x12=00000024
00000034 00062683 x13=00000063
00000038 00462703 x14=0000007b
0000003c 00d74463
00000040 00c0006f
0000004c 00148493 x9=0000000a
00000050 fd9ff06f
00000028 02a4d663
0000002c 00249593 x11=00000028
00000030 00b28633 x12=00000028
00000034 00062683 x13=0000007b
00000038 00462703 x14=00000040
0000003c 00d74463
00000044 00e62023 mem[00000028]=00000040
00000048 00d62223 mem[0000002c]=0000007b
0000004c 00148493 x9=0000000b
00000050 fd9ff06f
00000028 02a4d663
0000002c 00249593 x11=0000002c
00000030 00b28633 x12=0000002c
00000034 00062683 x13=0000007b
00000038 00462703 x14=ffffffc0
0000003c 00d74463
00000044 00e62023 mem[0000002c]=ffffffc0
00000048 00d62223 mem[00000030]=0000007b
0000004c 00148493 x9=0000000c
00000050 fd9ff06f
00000028 02a4d663
0000002c 00249593 x11=00000030
00000030 00b28633 x12=00000030
00000034 00062683 x13=0000007b
00000038 00462703 x14=00000007
0000003c 00d74463
00000044 00e62023 mem[00000030]=00000007
00000048 00d62223 mem[00000034]=0000007b
0000004c 00148493 x9=0000000d
00000050 fd9ff06f
00000028 02a4d663
0000002c 00249593 x11=00000034
00000030 00b28633 x12=00000034
00000034 00062683 x13=0000007b
00000038 00462703 x14=ffffd8f1
0000003c 00d74463
00000044 00e62023 mem[00000034]=ffffd8f1
00000048 00d62223 mem[00000038]=0000007b
0000004c 00148493 x9=0000000e
00000050 fd9ff06f
00000028 02a4d663
00000054 00140413 x8=00000002
00000058 fc5ff06f
0000001c 04745063
00000020 00000493 x9=00000000
00000024 40838533 x10=0000000d
00000028 02a4d663
0000002c 00249593 x11=00000000
00000030 00b28633 x12=00000000
00000034 00062683 x13=ffffffef
00000038 00462703 x14=00000008
0000003c 00d74463
00000040 00c0006f
0000004c 00148493 x9=00000001
00000050 fd9ff06f
00000028 02a4d663
0000002c 00249593 x11=00000004
00000030 00b28633 x12=00000004
00000034 00062683 x13=00000008
00000038 00462703 x14=fffffffd
0000003c 00d74463
00000044 00e62023 mem[00000004]=fffffffd
00000048 00d62223 mem[00000008]=00000008
0000004c 00148493 x9=00000002
00000050 fd9ff06f
00000028 02a4d663
0000002c 00249593 x11=00000008
00000030 00b28633 x12=00000008
00000034 00062683 x13=00000008
00000038 00462703 x14=00000000
0000003c 00d74463
00000044 00e62023 mem[00000008]=00000000
00000048 00d62223 mem[0000000c]=00000008
0000004c 00148493 x9=00000003
00000050 fd9ff06f
00000028 02a4d663
0000002c 00249593 x11=0000000c
00000030 00b28633 x12=0000000c
00000034 00062683 x13=00000008
00000038 00462703 x14=0000002a
0000003c 00d74463
00000040 00c0006f
0000004c 00148493 x9=00000004
00000050 fd9ff06f
00000028 02a4d663
0000002c 00249593 x11=00000010
00000030 00b28633 x12=00000010
00000034 00062683 x13=0000002a
00000038 00462703 x14=ffffff00
0000003c 00d74463
00000044 00e62023 mem[00000010]=ffffff00
00000048 00d62223 mem[00000014]=0000002a
0000004c 00148493 x9=00000005
00000050 fd9ff06f
00000028 02a4d663
0000002c 00249593 x11=00000014
00000030 00b28633 x12=00000014
00000034 00062683 x13=0000002a
00000038 00462703 x14=00000011
0000003c 00d74463
00000044 00e62023 mem[00000014]=00000011
00000048 00d62223 mem[00000018]=0000002a
0000004c 00148493 x9=00000006
00000050 fd9ff06f
00000028 02a4d663
0000002c 00249593 x11=00000018
00000030 00b28633 x12=00000018
00000034 00062683 x13=0000002a
00000038 00462703 x14=00000005
0000003c 00d74463
00000044 00e62023 mem[00000018]=00000005
00000048 00d62223 mem[0000001c]=0000002a
0000004c 00148493 x9=00000007
00000050 fd9ff06f
00000028 02a4d663
0000002c 00249593 x11=0000001c
00000030 00b28633 x12=0000001c
00000034 00062683 x13=0000002a
00000038 00462703 x14=ffffffff
0000003c 00d74463
00000044 00e62023 mem[0000001c]=ffffffff
00000048 00d62223 mem[00000020]=0000002a
0000004c 00148493 x9=00000008
00000050 fd9ff06f
00000028 02a4d663
0000002c 00249593 x11=00000020
00000030 00b28633 x12=00000020
00000034 00062683 x13=0000002a
00000038 00462703 x14=00000063
0000003c 00d74463
00000040 00c0006f
0000004c 00148493 x9=00000009
00000050 fd9ff06f
00000028 02a4d663
0000002c 00249593 x11=00000024
00000030 00b28633 x12=00000024
00000034 00062683 x13=00000063
00000038 00462703 x14=00000040
0000003c 00d74463
00000044 00e62023 mem[00000024]=00000040
00000048 00d62223 mem[00000028]=00000063
0000004c 00148493 x9=0000000a
00000050 fd9ff06f
00000028 02a4d663
0000002c 00249593 x11=00000028
00000030 00b28633 x12=00000028
00000034 00062683 x13=00000063
00000038 00462703 x14=ffffffc0
0000003c 00d74463
00000044 00e62023 mem[00000028]=ffffffc0
00000048 00d62223 mem[0000002c]=00000063
0000004c 00148493 x9=0000000b
00000050 fd9ff06f
00000028 02a4d663
0000002c 00249593 x11=0000002c
00000030 00b28633 x12=0000002c
00000034 00062683 x13=00000063
00000038 00462703 x14=00000007
0000003c 00d74463
00000044 00e62023 mem[0000002c]=00000007
00000048 00d62223 mem[00000030]=00000063
0000004c 00148493 x9=0000000c
00000050 fd9ff06f
00000028 02a4d663
0000002c 00249593 x11=00000030
00000030 00b28633 x12=00000030
00000034 00062683 x13=00000063
00000038 00462703 x14=ffffd8f1
0000003c 00d74463
00000044 00e62023 mem[00000030]=ffffd8f1
00000048 00d62223 mem[00000034]=00000063
0000004c 00148493 x9=0000000d
00000050 fd9ff06f
00000028 02a4d663
00000054 00140413 x8=00000003
00000058 fc5ff06f
0000001c 04745063
00000020 00000493 x9=00000000
00000024 40838533 x10=0000000c
00000028 02a4d663
0000002c 00249593 x11=00000000
00000030 00b28633 x12=00000000
00000034 00062683 x13=ffffffef
00000038 00462703 x14=fffffffd
0000003c 00d74463
00000040 00c0006f
0000004c 00148493 x9=00000001
00000050 fd9ff06f
00000028 02a4d663
0000002c 00249593 x11=00000004
00000030 00b28633 x12=00000004
00000034 00062683 x13=fffffffd
00000038 00462703 x14=00000000
0000003c 00d74463
00000040 00c0006f
0000004c 00148493 x9=00000002
00000050 fd9ff06f
00000028 02a4d663
0000002c 00249593 x11=00000008
00000030 00b28633 x12=00000008
00000034 00062683 x13=00000000
00000038 00462703 x14=00000008
0000003c 00d74463
00000040 00c0006f
0000004c 00148493 x9=00000003
00000050 fd9ff06f
00000028 02a4d663
0000002c 00249593 x11=0000000c
00000030 00b28633 x12=0000000c
00000034 00062683 x13=00000008
00000038 00462703 x14=ffffff00
0000003c 00d74463
00000044 00e62023 mem[0000000c]=ffffff00
00000048 00d62223 mem[00000010]=00000008
0000004c 00148493 x9=00000004
00000050 fd9ff06f
00000028 02a4d663
0000002c 00249593 x11=00000010
00000030 00b28633 x12=00000010
00000034 00062683 x13=00000008
00000038 00462703 x14=00000011
0000003c 00d74463
00000040 00c0006f
0000004c 00148493 x9=00000005
00000050 fd9ff06f
00000028 02a4d663
0000002c 00249593 x11=00000014
00000030 00b28633 x12=00000014
00000034 00062683 x13=00000011
00000038 00462703 x14=00000005
0000003c 00d74463
00000044 00e62023 mem[00000014]=00000005
00000048 00d62223 mem[00000018]=00000011
0000004c 00148493 x9=00000006
00000050 fd9ff06f
00000028 02a4d663
0000002c 00249593 x11=00000018
00000030 00b28633 x12=00000018
00000034 00062683 x13=00000011
00000038 00462703 x14=ffffffff
0000003c 00d74463
00000044 00e62023 mem[00000018]=ffffffff
00000048 00d62223 mem[0000001c]=00000011
0000004c 00148493 x9=00000007
00000050 fd9ff06f
00000028 02a4d663
0000002c 00249593 x11=0000001c
00000030 00b28633 x12=0000001c
00000034 00062683 x13=00000011
00000038 00462703 x14=0000002a
0000003c 00d74463
00000040 00c0006f
0000004c 00148493 x9=00000008
00000050 fd9ff06f
00000028 02a4d663
0000002c 00249593 x11=00000020
00000030 00b28633 x12=00000020
00000034 00062683 x13=0000002a
00000038 00462703 x14=00000040
0000003c 00d74463
00000040 00c0006f
0000004c 00148493 x9=00000009
00000050 fd9ff06f
00000028 02a4d663
0000002c 00249593 x11=00000024
00000030 00b28633 x12=00000024
00000034 00062683 x13=00000040
00000038 00462703 x14=ffffffc0
0000003c 00d74463
00000044 00e62023 mem[00000024]=ffffffc0
00000048 00d62223 mem[00000028]=00000040
0000004c 00148493 x9=0000000a
00000050 fd9ff06f
00000028 02a4d663
0000002c 00249593 x11=00000028
00000030 00b28633 x12=00000028
00000034 00062683 x13=00000040
00000038 00462703 x14=00000007
0000003c 00d74463
00000044 00e62023 mem[00000028]=00000007
00000048 00d62223 mem[0000002c]=00000040
0000004c 00148493 x9=0000000b
00000050 fd9ff06f
00000028 02a4d663
0000002c 00249593 x11=0000002c
00000030 00b28633 x12=0000002c
00000034 00062683 x13=00000040
00000038 00462703 x14=ffffd8f1
0000003c 00d74463
00000044 00e62023 mem[0000002c]=ffffd8f1
00000048 00d62223 mem[00000030]=00000040
0000004c 00148493 x9=0000000c
00000050 fd9ff06f
00000028 02a4d663
00000054 00140413 x8=00000004
00000058 fc5ff06f
0000001c 04745063
00000020 00000493 x9=00000000
00000024 40838533 x10=0000000b
00000028 02a4d663
0000002c 00249593 x11=00000000
00000030 00b28633 x12=00000000
00000034 00062683 x13=ffffffef
00000038 00462703 x14=fffffffd
0000003c 00d74463
00000040 00c0006f
0000004c 00148493 x9=00000001
00000050 fd9ff06f
00000028 02a4d663
0000002c 00249593 x11=00000004
00000030 00b28633 x12=00000004
00000034 00062683 x13=fffffffd
00000038 00462703 x14=00000000
0000003c 00d74463
00000040 00c0006f
0000004c 00148493 x9=00000002
00000050 fd9ff06f
00000028 02a4d663
0000002c 00249593 x11=00000008
00000030 00b28633 x12=00000008
00000034 00062683 x13=00000000
00000038 00462703 x14=ffffff00
0000003c 00d74463
00000044 00e62023 mem[00000008]=ffffff00
00000048 00d62223 mem[0000000c]=00000000
0000004c 00148493 x9=00000003
00000050 fd9ff06f
00000028 02a4d663
0000002c 00249593 x11=0000000c
00000030 00b28633 x12=0000000c
00000034 00062683 x13=00000000
00000038 00462703 x14=00000008
0000003c 00d74463
00000040 00c0006f
0000004c 00148493 x9=00000004
00000050 fd9ff06f
00000028 02a4d663
0000002c 00249593 x11=00000010
00000030 00b28633 x12=00000010
00000034 00062683 x13=00000008
00000038 00462703 x14=00000005
0000003c 00d74463
00000044 00e62023 mem[00000010]=00000005
00000048 00d62223 mem[00000014]=00000008
0000004c 00148493 x9=00000005
00000050 fd9ff06f
00000028 02a4d663
0000002c 00249593 x11=00000014
00000030 00b28633 x12=00000014
00000034 00062683 x13=00000008
00000038 00462703 x14=ffffffff
0000003c 00d74463
00000044 00e62023 mem[00000014]=ffffffff
00000048 00d62223 mem[00000018]=00000008
0000004c 00148493 x9=00000006
00000050 fd9ff06f
00000028 02a4d663
0000002c 00249593 x11=00000018
00000030 00b28633 x12=00000018
00000034 00062683 x13=00000008
00000038 00462703 x14=00000011
0000003c 00d74463
00000040 00c0006f
0000004c 00148493 x9=00000007
00000050 fd9ff06f
00000028 02a4d663
0000002c 00249593 x11=0000001c
00000030 00b28633 x12=0000001c
00000034 00062683 x13=00000011
00000038 00462703 x14=0000002a
0000003c 00d74463
00000040 00c0006f
0000004c 00148493 x9=00000008
00000050 fd9ff06f
00000028 02a4d663
0000002c 00249593 x11=00000020
00000030 00b28633 x12=00000020
00000034 00062683 x13=0000002a
00000038 00462703 x14=ffffffc0
0000003c 00d74463
00000044 00e62023 mem[00000020]=ffffffc0
00000048 00d62223 mem[00000024]=0000002a
0000004c 00148493 x9=00000009
00000050 fd9ff06f
00000028 02a4d663
0000002c 00249593 x11=00000024
00000030 00b28633 x12=00000024
00000034 00062683 x13=0000002a
00000038 00462703 x14=00000007
0000003c 00d74463
00000044 00e62023 mem[00000024]=00000007
00000048 00d62223 mem[00000028]=0000002a
0000004c 00148493 x9=0000000a
00000050 fd9ff06f
00000028 02a4d663
0000002c 00249593 x11=00000028
00000030 00b28633 x12=00000028
00000034 00062683 x13=0000002a
00000038 00462703 x14=ffffd8f1
0000003c 00d74463
00000044 00e62023 mem[00000028]=ffffd8f1
00000048 00d62223 mem[0000002c]=0000002a
0000004c 00148493 x9=0000000b
00000050 fd9ff06f
00000028 02a4d663
00000054 00140413 x8=00000005
00000058 fc5ff06f
0000001c 04745063
00000020 00000493 x9=00000000
00000024 40838533 x10=0000000a
00000028 02a4d663
0000002c 00249593 x11=00000000
00000030 00b28633 x12=00000000
00000034 00062683 x13=ffffffef
00000038 00462703 x14=fffffffd
0000003c 00d74463
00000040 00c0006f
0000004c 00148493 x9=00000001
00000050 fd9ff06f
00000028 02a4d663
0000002c 00249593 x11=00000004
00000030 00b28633 x12=00000004
00000034 00062683 x13=fffffffd
00000038 00462703 x14=ffffff00
0000003c 00d74463
00000044 00e62023 mem[00000004]=ffffff00
00000048 00d62223 mem[00000008]=fffffffd
0000004c 00148493 x9=00000002
00000050 fd9ff06f
00000028 02a4d663
0000002c 00249593 x11=00000008
00000030 00b28633 x12=00000008
00000034 00062683 x13=fffffffd
00000038 00462703 x14=00000000
0000003c 00d74463
00000040 00c0006f
0000004c 00148493 x9=00000003
00000050 fd9ff06f
00000028 02a4d663
0000002c 00249593 x11=0000000c
00000030 00b28633 x12=0000000c
00000034 00062683 x13=00000000
00000038 00462703 x14=00000005
0000003c 00d74463
00000040 00c0006f
0000004c 00148493 x9=00000004
00000050 fd9ff06f
00000028 02a4d663
0000002c 00249593 x11=00000010
00000030 00b28633 x12=00000010
00000034 00062683 x13=00000005
00000038 00462703 x14=ffffffff
0000003c 00d74463
00000044 00e62023 mem[00000010]=ffffffff
00000048 00d62223 mem[00000014]=00000005
0000004c 00148493 x9=00000005
00000050 fd9ff06f
00000028 02a4d663
0000002c 00249593 x11=00000014
00000030 00b28633 x12=00000014
00000034 00062683 x13=00000005
00000038 00462703 x14=00000008
0000003c 00d74463
00000040 00c0006f
0000004c 00148493 x9=00000006
00000050 fd9ff06f
00000028 02a4d663
0000002c 00249593 x11=00000018
00000030 00b28633 x12=00000018
00000034 00062683 x13=00000008
00000038 00462703 x14=00000011
0000003c 00d74463
00000040 00c0006f
0000004c 00148493 x9=00000007
00000050 fd9ff06f
00000028 02a4d663
0000002c 00249593 x11=0000001c
00000030 00b28633 x12=0000001c
00000034 00062683 x13=00000011
00000038 00462703 x14=ffffffc0
0000003c 00d74463
00000044 00e62023 mem[0000001c]=ffffffc0
00000048 00d62223 mem[00000020]=00000011
0000004c 00148493 x9=00000008
00000050 fd9ff06f
00000028 02a4d663
0000002c 00249593 x11=00000020
00000030 00b28633 x12=00000020
00000034 00062683 x13=00000011
00000038 00462703 x14=00000007
0000003c 00d74463
00000044 00e62023 mem[00000020]=00000007
00000048 00d62223 mem[00000024]=00000011
0000004c 00148493 x9=00000009
00000050 fd9ff06f
00000028 02a4d663
0000002c 00249593 x11=00000024
00000030 00b28633 x12=00000024
00000034 00062683 x13=00000011
00000038 00462703 x14=ffffd8f1
0000003c 00d74463
00000044 00e62023 mem[00000024]=ffffd8f1
00000048 00d62223 mem[00000028]=00000011
0000004c 00148493 x9=0000000a
00000050 fd9ff06f
00000028 02a4d663
00000054 00140413 x8=00000006
00000058 fc5ff06f
0000001c 04745063
00000020 00000493 x9=00000000
00000024 40838533 x10=00000009
00000028 02a4d663
0000002c 00249593 x11=00000000
00000030 00b28633 x12=00000000
00000034 00062683 x13=ffffffef
00000038 00462703 x14=ffffff00
0000003c 00d74463
00000044 00e62023 mem[00000000]=ffffff00
00000048 00d62223 mem[00000004]=ffffffef
0000004c 00148493 x9=00000001
00000050 fd9ff06f
00000028 02a4d663
0000002c 00249593 x11=00000004
00000030 00b28633 x12=00000004
00000034 00062683 x13=ffffffef
00000038 00462703 x14=fffffffd
0000003c 00d74463
00000040 00c0006f
0000004c 00148493 x9=00000002
00000050 fd9ff06f
00000028 02a4d663
0000002c 00249593 x11=00000008
00000030 00b28633 x12=00000008
00000034 00062683 x13=fffffffd
00000038 00462703 x14=00000000
0000003c 00d74463
00000040 00c0006f
0000004c 00148493 x9=00000003
00000050 fd9ff06f
00000028 02a4d663
0000002c 00249593 x11=0000000c
00000030 00b28633 x12=0000000c
00000034 00062683 x13=00000000
00000038 00462703 x14=ffffffff
0000003c 00d74463
00000044 00e62023 mem[0000000c]=ffffffff
00000048 00d62223 mem[00000010]=00000000
0000004c 00148493 x9=00000004
00000050 fd9ff06f
00000028 02a4d663
0000002c 00249593 x11=00000010
00000030 00b28633 x12=00000010
00000034 00062683 x13=00000000
00000038 00462703 x14=00000005
0000003c 00d74463
00000040 00c0006f
0000004c 00148493 x9=00000005
00000050 fd9ff06f
00000028 02a4d663
0000002c 00249593 x11=00000014
00000030 00b28633 x12=00000014
00000034 00062683 x13=00000005
00000038 00462703 x14=00000008
0000003c 00d74463
00000040 00c0006f
0000004c 00148493 x9=00000006
00000050 fd9ff06f
00000028 02a4d663
0000002c 00249593 x11=00000018
00000030 00b28633 x12=00000018
00000034 00062683 x13=00000008
00000038 00462703 x14=ffffffc0
0000003c 00d74463
00000044 00e62023 mem[00000018]=ffffffc0
00000048 00d62223 mem[0000001c]=00000008
0000004c 00148493 x9=00000007
00000050 fd9ff06f
00000028 02a4d663
0000002c 00249593 x11=0000001c
00000030 00b28633 x12=0000001c
00000034 00062683 x13=00000008
00000038 00462703 x14=00000007
0000003c 00d74463
00000044 00e62023 mem[0000001c]=00000007
00000048 00d62223 mem[00000020]=00000008
0000004c 00148493 x9=00000008
00000050 fd9ff06f
00000028 02a4d663
0000002c 00249593 x11=00000020
00000030 00b28633 x12=00000020
00000034 00062683 x13=00000008
00000038 00462703 x14=ffffd8f1
0000003c 00d74463
00000044 00e62023 mem[00000020]=ffffd8f1
00000048 00d62223 mem[00000024]=00000008
0000004c 00148493 x9=00000009
00000050 fd9ff06f
00000028 02a4d663
00000054 00140413 x8=00000007
00000058 fc5ff06f
0000001c 04745063
00000020 00000493 x9=00000000
00000024 40838533 x10=00000008
00000028 02a4d663
0000002c 00249593 x11=00000000
00000030 00b28633 x12=00000000
00000034 00062683 x13=ffffff00
00000038 00462703 x14=ffffffef
0000003c 00d74463
00000040 00c0006f
0000004c 00148493 x9=00000001
00000050 fd9ff06f
00000028 02a4d663
0000002c 00249593 x11=00000004
00000030 00b28633 x12=00000004
00000034 00062683 x13=ffffffef
00000038 00462703 x14=fffffffd
0000003c 00d74463
00000040 00c0006f
0000004c 00148493 x9=00000002
00000050 fd9ff06f
00000028 02a4d663
0000002c 00249593 x11=00000008
00000030 00b28633 x12=00000008
00000034 00062683 x13=fffffffd
00000038 00462703 x14=ffffffff
0000003c 00d74463
00000040 00c0006f
0000004c 00148493 x9=00000003
00000050 fd9ff06f
00000028 02a4d663
0000002c 00249593 x11=0000000c
00000030 00b28633 x12=0000000c
00000034 00062683 x13=ffffffff
00000038 00462703 x14=00000000
0000003c 00d74463
00000040 00c0006f
0000004c 00148493 x9=00000004
00000050 fd9ff06f
00000028 02a4d663
0000002c 00249593 x11=00000010
00000030 00b28633 x12=00000010
00000034 00062683 x13=00000000
00000038 00462703 x14=00000005
0000003c 00d74463
00000040 00c0006f
0000004c 00148493 x9=00000005
00000050 fd9ff06f
00000028 02a4d663
0000002c 00249593 x11=00000014
00000030 00b28633 x12=00000014
00000034 00062683 x13=00000005
00000038 00462703 x14=ffffffc0
0000003c 00d74463
00000044 00e62023 mem[00000014]=ffffffc0
00000048 00d62223 mem[00000018]=00000005
0000004c 00148493 x9=00000006
00000050 fd9ff06f
00000028 02a4d663
0000002c 00249593 x11=00000018
00000030 00b28633 x12=00000018
00000034 00062683 x13=00000005
00000038 00462703 x14=00000007
0000003c 00d74463
00000040 00c0006f
0000004c 00148493 x9=00000007
00000050 fd9ff06f
00000028 02a4d663
0000002c 00249593 x11=0000001c
00000030 00b28633 x12=0000001c
00000034 00062683 x13=00000007
00000038 00462703 x14=ffffd8f1
0000003c 00d74463
00000044 00e62023 mem[0000001c]=ffffd8f1
00000048 00d62223 mem[00000020]=00000007
0000004c 00148493 x9=00000008
00000050 fd9ff06f
00000028 02a4d663
00000054 00140413 x8=00000008
00000058 fc5ff06f
0000001c 04745063
00000020 00000493 x9=00000000
00000024 40838533 x10=00000007
00000028 02a4d663
0000002c 00249593 x11=00000000
00000030 00b28633 x12=00000000
00000034 00062683 x13=ffffff00
00000038 00462703 x14=ffffffef
0000003c 00d74463
00000040 00c0006f
0000004c 00148493 x9=00000001
00000050 fd9ff06f
00000028 02a4d663
0000002c 00249593 x11=00000004
00000030 00b28633 x12=00000004
00000034 00062683 x13=ffffffef
00000038 00462703 x14=fffffffd
0000003c 00d74463
00000040 00c0006f
0000004c 00148493 x9=00000002
00000050 fd9ff06f
00000028 02a4d663
0000002c 00249593 x11=00000008
00000030 00b28633 x12=00000008
00000034 00062683 x13=fffffffd
00000038 00462703 x14=ffffffff
0000003c 00d74463
00000040 00c0006f
0000004c 00148493 x9=00000003
00000050 fd9ff06f
00000028 02a4d663
0000002c 00249593 x11=0000000c
00000030 00b28633 x12=0000000c
00000034 00062683 x13=ffffffff
00000038 00462703 x14=00000000
0000003c 00d74463
00000040 00c0006f
0000004c 00148493 x9=00000004
00000050 fd9ff06f
00000028 02a4d663
0000002c 00249593 x11=00000010
00000030 00b28633 x12=00000010
00000034 00062683 x13=00000000
00000038 00462703 x14=ffffffc0
0000003c 00d74463
00000044 00e62023 mem[00000010]=ffffffc0
00000048 00d62223 mem[00000014]=00000000
0000004c 00148493 x9=00000005
00000050 fd9ff06f
00000028 02a4d663
0000002c 00249593 x11=00000014
00000030 00b28633 x12=00000014
00000034 00062683 x13=00000000
00000038 00462703 x14=00000005
0000003c 00d74463
00000040 00c0006f
0000004c 00148493 x9=00000006
00000050 fd9ff06f
00000028 02a4d663
0000002c 00249593 x11=00000018
00000030 00b28633 x12=00000018
00000034 00062683 x13=00000005
00000038 00462703 x14=ffffd8f1
0000003c 00d74463
00000044 00e62023 mem[00000018]=ffffd8f1
00000048 00d62223 mem[0000001c]=00000005
0000004c 00148493 x9=00000007
00000050 fd9ff06f
00000028 02a4d663
00000054 00140413 x8=00000009
00000058 fc5ff06f
0000001c 04745063
00000020 00000493 x9=00000000
00000024 40838533 x10=00000006
00000028 02a4d663
0000002c 00249593 x11=00000000
00000030 00b28633 x12=00000000
00000034 00062683 x13=ffffff00
00000038 00462703 x14=ffffffef
0000003c 00d74463
00000040 00c0006f
0000004c 00148493 x9=00000001
00000050 fd9ff06f
00000028 02a4d663
0000002c 00249593 x11=00000004
00000030 00b28633 x12=00000004
00000034 00062683 x13=ffffffef
00000038 00462703 x14=fffffffd
0000003c 00d74463
00000040 00c0006f
0000004c 00148493 x9=00000002
00000050 fd9ff06f
00000028 02a4d663
0000002c 00249593 x11=00000008
00000030 00b28633 x12=00000008
00000034 00062683 x13=fffffffd
00000038 00462703 x14=ffffffff
0000003c 00d74463
00000040 00c0006f
0000004c 00148493 x9=00000003
00000050 fd9ff06f
00000028 02a4d663
0000002c 00249593 x11=0000000c
00000030 00b28633 x12=0000000c
00000034 00062683 x13=ffffffff
00000038 00462703 x14=ffffffc0
0000003c 00d74463
00000044 00e62023 mem[0000000c]=ffffffc0
00000048 00d62223 mem[00000010]=ffffffff
0000004c 00148493 x9=00000004
00000050 fd9ff06f
00000028 02a4d663
0000002c 00249593 x11=00000010
00000030 00b28633 x12=00000010
00000034 00062683 x13=ffffffff
00000038 00462703 x14=00000000
0000003c 00d74463
00000040 00c0006f
0000004c 00148493 x9=00000005
00000050 fd9ff06f
00000028 02a4d663
0000002c 00249593 x11=00000014
00000030 00b28633 x12=00000014
00000034 00062683 x13=00000000
00000038 00462703 x14=ffffd8f1
0000003c 00d74463
00000044 00e62023 mem[00000014]=ffffd8f1
00000048 00d62223 mem[00000018]=00000000
0000004c 00148493 x9=00000006
00000050 fd9ff06f
00000028 02a4d663
00000054 00140413 x8=0000000a
00000058 fc5ff06f
0000001c 04745063
00000020 00000493 x9=00000000
00000024 40838533 x10=00000005
00000028 02a4d663
0000002c 00249593 x11=00000000
00000030 00b28633 x12=00000000
00000034 00062683 x13=ffffff00
00000038 00462703 x14=ffffffef
0000003c 00d74463
00000040 00c0006f
0000004c 00148493 x9=00000001
00000050 fd9ff06f
00000028 02a4d663
0000002c 00249593 x11=00000004
00000030 00b28633 x12=00000004
00000034 00062683 x13=ffffffef
00000038 00462703 x14=fffffffd
0000003c 00d74463
00000040 00c0006f
0000004c 00148493 x9=00000002
00000050 fd9ff06f
00000028 02a4d663
0000002c 00249593 x11=00000008
00000030 00b28633 x12=00000008
00000034 00062683 x13=fffffffd
00000038 00462703 x14=ffffffc0
0000003c 00d74463
00000044 00e62023 mem[00000008]=ffffffc0
00000048 00d62223 mem[0000000c]=fffffffd
0000004c 00148493 x9=00000003
00000050 fd9ff06f
00000028 02a4d663
0000002c 00249593 x11=0000000c
00000030 00b28633 x12=0000000c
00000034 00062683 x13=fffffffd
00000038 00462703 x14=ffffffff
0000003c 00d74463
00000040 00c0006f
0000004c 00148493 x9=00000004
00000050 fd9ff06f
00000028 02a4d663
0000002c 00249593 x11=00000010
00000030 00b28633 x12=00000010
00000034 00062683 x13=ffffffff
00000038 00462703 x14=ffffd8f1
0000003c 00d74463
00000044 00e62023 mem[00000010]=ffffd8f1
00000048 00d62223 mem[00000014]=ffffffff
0000004c 00148493 x9=00000005
00000050 fd9ff06f
00000028 02a4d663
00000054 00140413 x8=0000000b
00000058 fc5ff06f
0000001c 04745063
00000020 00000493 x9=00000000
00000024 40838533 x10=00000004
00000028 02a4d663
0000002c 00249593 x11=00000000
00000030 00b28633 x12=00000000
00000034 00062683 x13=ffffff00
00000038 00462703 x14=ffffffef
0000003c 00d74463
00000040 00c0006f
0000004c 00148493 x9=00000001
00000050 fd9ff06f
00000028 02a4d663
0000002c 00249593 x11=00000004
00000030 00b28633 x12=00000004
00000034 00062683 x13=ffffffef
00000038 00462703 x14=ffffffc0
0000003c 00d74463
00000044 00e62023 mem[00000004]=ffffffc0
00000048 00d62223 mem[00000008]=ffffffef
0000004c 00148493 x9=00000002
00000050 fd9ff06f
00000028 02a4d663
0000002c 00249593 x11=00000008
00000030 00b28633 x12=00000008
00000034 00062683 x13=ffffffef
00000038 00462703 x14=fffffffd
0000003c 00d74463
00000040 00c0006f
0000004c 00148493 x9=00000003
00000050 fd9ff06f
00000028 02a4d663
0000002c 00249593 x11=0000000c
00000030 00b28633 x12=0000000c
00000034 00062683 x13=fffffffd
00000038 00462703 x14=ffffd8f1
0000003c 00d74463
00000044 00e62023 mem[0000000c]=ffffd8f1
00000048 00d62223 mem[00000010]=fffffffd
0000004c 00148493 x9=00000004
00000050 fd9ff06f
00000028 02a4d663
00000054 00140413 x8=0000000c
00000058 fc5ff06f
0000001c 04745063
00000020 00000493 x9=00000000
00000024 40838533 x10=00000003
00000028 02a4d663
0000002c 00249593 x11=00000000
00000030 00b28633 x12=00000000
00000034 00062683 x13=ffffff00
00000038 00462703 x14=ffffffc0
0000003c 00d74463
00000040 00c0006f
0000004c 00148493 x9=00000001
00000050 fd9ff06f
00000028 02a4d663
0000002c 00249593 x11=00000004
00000030 00b28633 x12=00000004
00000034 00062683 x13=ffffffc0
00000038 00462703 x14=ffffffef
0000003c 00d74463
00000040 00c0006f
0000004c 00148493 x9=00000002
00000050 fd9ff06f
00000028 02a4d663
0000002c 00249593 x11=00000008
00000030 00b28633 x12=00000008
00000034 00062683 x13=ffffffef
00000038 00462703 x14=ffffd8f1
0000003c 00d74463
00000044 00e62023 mem[00000008]=ffffd8f1
00000048 00d62223 mem[0000000c]=ffffffef
0000004c 00148493 x9=00000003
00000050 fd9ff06f
00000028 02a4d663
00000054 00140413 x8=0000000d
00000058 fc5ff06f
0000001c 04745063
00000020 00000493 x9=00000000
00000024 40838533 x10=00000002
00000028 02a4d663
0000002c 00249593 x11=00000000
00000030 00b28633 x12=00000000
00000034 00062683 x13=ffffff00
00000038 00462703 x14=ffffffc0
0000003c 00d74463
00000040 00c0006f
0000004c 00148493 x9=00000001
00000050 fd9ff06f
00000028 02a4d663
0000002c 00249593 x11=00000004
00000030 00b28633 x12=00000004
00000034 00062683 x13=ffffffc0
00000038 00462703 x14=ffffd8f1
0000003c 00d74463
00000044 00e62023 mem[00000004]=ffffd8f1
00000048 00d62223 mem[00000008]=ffffffc0
0000004c 00148493 x9=00000002
00000050 fd9ff06f
00000028 02a4d663
00000054 00140413 x8=0000000e
00000058 fc5ff06f
0000001c 04745063
00000020 00000493 x9=00000000
00000024 40838533 x10=00000001
00000028 02a4d663
0000002c 00249593 x11=00000000
00000030 00b28633 x12=00000000
00000034 00062683 x13=ffffff00
00000038 00462703 x14=ffffd8f1
0000003c 00d74463
00000044 00e62023 mem[00000000]=ffffd8f1
00000048 00d62223 mem[00000004]=ffffff00
0000004c 00148493 x9=00000001
00000050 fd9ff06f
00000028 02a4d663
00000054 00140413 x8=0000000f
00000058 fc5ff06f
0000001c 04745063
0000005c 00000ab7 x21=00000000
00000060 000a8a93 x21=00000000
00000064 00000b13 x22=00000000
00000068 01000b93 x23=00000010
0000006c 00000c13 x24=00000000
00000070 017b5e63
00000074 002b1c93 x25=00000000
00000078 019a8d33 x26=00000000
0000007c 000d2d83 x27=ffffd8f1
00000080 01bc0c33 x24=ffffd8f1
00000084 001b0b13 x22=00000001
00000088 fe9ff06f
00000070 017b5e63
00000074 002b1c93 x25=00000004
00000078 019a8d33 x26=00000004
0000007c 000d2d83 x27=ffffff00
00000080 01bc0c33 x24=ffffd7f1
00000084 001b0b13 x22=00000002
00000088 fe9ff06f
00000070 017b5e63
00000074 002b1c93 x25=00000008
00000078 019a8d33 x26=00000008
0000007c 000d2d83 x27=ffffffc0
00000080 01bc0c33 x24=ffffd7b1
00000084 001b0b13 x22=00000003
00000088 fe9ff06f
00000070 017b5e63
00000074 002b1c93 x25=0000000c
00000078 019a8d33 x26=0000000c
0000007c 000d2d83 x27=ffffffef
00000080 01bc0c33 x24=ffffd7a0
00000084 001b0b13 x22=00000004
00000088 fe9ff06f
00000070 017b5e63
00000074 002b1c93 x25=00000010
00000078 019a8d33 x26=00000010
0000007c 000d2d83 x27=fffffffd
00000080 01bc0c33 x24=ffffd79d
00000084 001b0b13 x22=00000005
00000088 fe9ff06f
00000070 017b5e63
00000074 002b1c93 x25=00000014
00000078 019a8d33 x26=00000014
0000007c 000d2d83 x27=ffffffff
00000080 01bc0c33 x24=ffffd79c
00000084 001b0b13 x22=00000006
00000088 fe9ff06f
00000070 017b5e63
00000074 002b1c93 x25=00000018
00000078 019a8d33 x26=00000018
0000007c 000d2d83 x27=00000000
00000080 01bc0c33 x24=ffffd79c
00000084 001b0b13 x22=00000007
00000088 fe9ff06f
00000070 017b5e63
00000074 002b1c93 x25=0000001c
00000078 019a8d33 x26=0000001c
0000007c 000d2d83 x27=00000005
00000080 01bc0c33 x24=ffffd7a1
00000084 001b0b13 x22=00000008
00000088 fe9ff06f
00000070 017b5e63
00000074 002b1c93 x25=00000020
00000078 019a8d33 x26=00000020
0000007c 000d2d83 x27=00000007
00000080 01bc0c33 x24=ffffd7a8
00000084 001b0b13 x22=00000009
00000088 fe9ff06f
00000070 017b5e63
00000074 002b1c93 x25=00000024
00000078 019a8d33 x26=00000024
0000007c 000d2d83 x27=00000008
00000080 01bc0c33 x24=ffffd7b0
00000084 001b0b13 x22=0000000a
00000088 fe9ff06f
00000070 017b5e63
00000074 002b1c93 x25=00000028
00000078 019a8d33 x26=00000028
0000007c 000d2d83 x27=00000011
00000080 01bc0c33 x24=ffffd7c1
00000084 001b0b13 x22=0000000b
00000088 fe9ff06f
00000070 017b5e63
00000074 002b1c93 x25=0000002c
00000078 019a8d33 x26=0000002c
0000007c 000d2d83 x27=0000002a
00000080 01bc0c33 x24=ffffd7eb
00000084 001b0b13 x22=0000000c
00000088 fe9ff06f
00000070 017b5e63
00000074 002b1c93 x25=00000030
00000078 019a8d33 x26=00000030
0000007c 000d2d83 x27=00000040
00000080 01bc0c33 x24=ffffd82b
00000084 001b0b13 x22=0000000d
00000088 fe9ff06f
00000070 017b5e63
00000074 002b1c93 x25=00000034
00000078 019a8d33 x26=00000034
0000007c 000d2d83 x27=00000063
00000080 01bc0c33 x24=ffffd88e
00000084 001b0b13 x22=0000000e
00000088 fe9ff06f
00000070 017b5e63
00000074 002b1c93 x25=00000038
00000078 019a8d33 x26=00000038
0000007c 000d2d83 x27=0000007b
00000080 01bc0c33 x24=ffffd909
00000084 001b0b13 x22=0000000f
00000088 fe9ff06f
00000070 017b5e63
00000074 002b1c93 x25=0000003c
00000078 019a8d33 x26=0000003c
0000007c 000d2d83 x27=000003e8
00000080 01bc0c33 x24=ffffdcf1
00000084 001b0b13 x22=00000010
00000088 fe9ff06f
00000070 017b5e63
0000008c 00100073
